// Jest Snapshot v1, https://jestjs.io/docs/snapshot-testing

exports[`SectionConfig should match the snapshot 1`] = `
<DocumentFragment>
  <main>
    <nav
      class="nav-wrapper"
    >
      <a
        class="display-inline-block margin-bottom-3"
        href="/"
      >
        <svg
          aria-hidden="true"
          class="usa-icon usa-icon--size-3 text-middle margin-right-1 text-base"
          focusable="false"
          height="1em"
          role="img"
          viewBox="0 0 24 24"
          width="1em"
          xmlns="http://www.w3.org/2000/svg"
        >
          <path
            d="M20 11H7.83l5.59-5.59L12 4l-8 8 8 8 1.41-1.41L7.83 13H20v-2z"
          />
        </svg>
        Back to eCR Library
      </a>
      <ul
        class="usa-sidenav"
        data-testid="sidenav"
      >
        <li
          class="usa-sidenav__item"
        >
          <a
            class=""
            data-testid="sidenav-link"
            href="#ecr-summary"
          >
            eCR Summary
          </a>
        </li>
        <li
          class="usa-sidenav__item"
        >
          <a
            class=""
            data-testid="sidenav-link"
            href="#ecr-document"
          >
            eCR Document
          </a>
        </li>
        <li
          class="usa-sidenav__item"
        >
          <ul
            class="usa-sidenav__sublist"
            data-testid="sidenav"
          >
            <li
              class="usa-sidenav__item"
            >
              <a
                class=""
                data-testid="sidenav-link"
                href="#section-1"
              >
                Section 1
              </a>
            </li>
            <li
              class="usa-sidenav__item"
            >
              <ul
                class="usa-sidenav__sublist"
                data-testid="sidenav"
              />
            </li>
            <li
              class="usa-sidenav__item"
            >
              <a
                class=""
                data-testid="sidenav-link"
                href="#section-2"
              >
                Section 2
              </a>
            </li>
            <li
              class="usa-sidenav__item"
            >
              <ul
                class="usa-sidenav__sublist"
                data-testid="sidenav"
              >
                <li
                  class="usa-sidenav__item"
                >
                  <a
                    class=""
                    data-testid="sidenav-link"
                    href="#section-3"
                  >
                    Section 3
                  </a>
                </li>
              </ul>
            </li>
            <li
              class="usa-sidenav__item"
            >
              <a
                class=""
                data-testid="sidenav-link"
                href="#section-2---2"
              >
                Section 2 - 2
              </a>
            </li>
            <li
              class="usa-sidenav__item"
            >
              <ul
                class="usa-sidenav__sublist"
                data-testid="sidenav"
              />
            </li>
          </ul>
        </li>
      </ul>
    </nav>
  </main>
</DocumentFragment>
`;
