// Jest Snapshot v1, https://goo.gl/fbAQLP

exports[`Sign-in Page should match snapshot 1`] = `
<div>
  <div
    class="position-relative text-white"
    style="background-image: url(/img.jpg); background-size: cover; background-position: center; min-height: 100vh; min-width: 100vw; overflow-y: auto; overflow-x: auto;"
  >
    <div
      class="width-tablet position-absolute top-3950 left-12 padding-bottom-6 padding-right-6 grid-row gap-5"
    >
      <h1
        class="font-serif-3xl text-normal margin-0"
      >
        Looks like you're trying to access the eCR Viewer
      </h1>
      <p
        class="font-sans-lg text-normal margin-0"
      >
        You need to sign in to see the eCR Viewer
      </p>
      <button
        class="usa-button redirect-button"
        data-testid="button"
        type="button"
      >
        Sign in via 
        Keycloak
        <svg
          aria-hidden="true"
          class="usa-icon usa-icon--size-3"
          focusable="false"
          height="1em"
          role="img"
          viewBox="0 0 24 24"
          width="1em"
          xmlns="http://www.w3.org/2000/svg"
        >
          <path
            d="m12 4-1.41 1.41L16.17 11H4v2h12.17l-5.58 5.59L12 20l8-8z"
          />
        </svg>
      </button>
    </div>
  </div>
</div>
`;
