// Jest Snapshot v1, https://goo.gl/fbAQLP

exports[`Sign-in Page should match snapshot 1`] = `
<div>
  <button
    class="usa-button redirect-button"
    data-testid="button"
    type="button"
  >
    Log in via 
    Moria
    <svg
      aria-hidden="true"
      class="usa-icon usa-icon--size-3"
      focusable="false"
      height="1em"
      role="img"
      viewBox="0 0 24 24"
      width="1em"
      xmlns="http://www.w3.org/2000/svg"
    >
      <path
        d="m12 4-1.41 1.41L16.17 11H4v2h12.17l-5.58 5.59L12 20l8-8z"
      />
    </svg>
  </button>
</div>
`;
