// Jest Snapshot v1, https://goo.gl/fbAQLP

exports[`PaginatedSortableTable matches snapshot 1`] = `
<div>
  <div>
    <table
      class="usa-table usa-table--borderless width-full table-radius-md"
      data-testid="table"
    >
      <thead>
        <tr>
          <th
            aria-sort="ascending"
            class="i-am-a-class"
            data-sortable="true"
            id="one-header"
            role="columnheader"
            scope="col"
            style="padding-top: 1.25rem;"
          >
            <button
              aria-description="Sort by Column One"
              class="usa-button usa-button--unstyled sort-button usa-button"
              data-testid="button"
              id="one-sort-button"
              type="button"
            >
              <span
                class="text-ink"
              >
                Column One
              </span>
              <svg
                aria-hidden="true"
                class="usa-icon square-3"
                focusable="false"
                height="1em"
                role="img"
                viewBox="0 0 24 24"
                width="1em"
                xmlns="http://www.w3.org/2000/svg"
              >
                <path
                  d="m4 12 1.41 1.41L11 7.83V20h2V7.83l5.58 5.59L20 12l-8-8-8 8z"
                />
              </svg>
            </button>
          </th>
          <th
            data-sortable="true"
            id="three-header"
            role="columnheader"
            scope="col"
            style="padding-top: 1.25rem;"
          >
            <button
              aria-description="Sort by Column Three"
              class="usa-button usa-button--unstyled sort-button usa-button"
              data-testid="button"
              id="three-sort-button"
              type="button"
            >
              <span
                class="text-ink"
              >
                Column Three
              </span>
              <svg
                aria-hidden="true"
                class="usa-icon square-3"
                focusable="false"
                height="1em"
                role="img"
                viewBox="0 0 24 24"
                width="1em"
                xmlns="http://www.w3.org/2000/svg"
              >
                <path
                  d="M15.17 15 13 17.17V6.83L15.17 9l1.41-1.41L12 3 7.41 7.59 8.83 9 11 6.83v10.34L8.83 15l-1.41 1.41L12 21l4.59-4.59L15.17 15z"
                />
              </svg>
            </button>
          </th>
          <th
            data-sortable="false"
            id="four-header"
            role="columnheader"
            scope="col"
            style="padding-top: 1.25rem;"
          >
            <div
              class="display-flex"
            >
              Column Four
            </div>
          </th>
        </tr>
      </thead>
      <tbody>
        <tr>
          <td
            class="overflow-wrap-anywhere"
          >
            four
          </td>
          <td
            class="overflow-wrap-anywhere"
          >
            04/01/2012
          </td>
          <td
            class="overflow-wrap-anywhere"
          >
            3 - 4
          </td>
        </tr>
        <tr>
          <td
            class="overflow-wrap-anywhere"
          >
            One
          </td>
          <td
            class="overflow-wrap-anywhere"
          >
            01/01/2012
          </td>
          <td
            class="overflow-wrap-anywhere"
          >
            1, 2, 3
          </td>
        </tr>
      </tbody>
    </table>
    <div
      class="pagination-bar width-full padding-x-3 padding-y-105 flex-align-self-stretch display-flex flex-align-center"
    >
      <div
        class="flex-1"
      >
        Showing 
        1
        -
        2
         of 
        4
         
        items
      </div>
      <nav
        aria-label="Pagination"
        class="usa-pagination flex-1"
      >
        <ul
          class="usa-pagination__list"
        >
          <li
            class="usa-pagination__item usa-pagination__arrow"
          >
            <button
              aria-label="Previous page"
              class="usa-button usa-button--unstyled usa-pagination__link usa-pagination__previous-page text-bold visibility-hidden"
              data-testid="pagination-previous"
              hidden=""
              type="button"
            >
              <svg
                aria-hidden="true"
                class="usa-icon text-ink"
                focusable="false"
                height="1em"
                role="img"
                viewBox="0 0 24 24"
                width="1em"
                xmlns="http://www.w3.org/2000/svg"
              >
                <path
                  d="M15.41 7.41 14 6l-6 6 6 6 1.41-1.41L10.83 12z"
                />
              </svg>
              <span
                class="usa-pagination__link-text"
              >
                Previous
              </span>
            </button>
          </li>
          <li
            class="usa-pagination__item usa-pagination__page-no"
          >
            <button
              aria-current="page"
              aria-label="Page 1"
              class="usa-button usa-button--unstyled usa-pagination__button text-bold usa-current"
              data-testid="pagination-page-number"
              type="button"
            >
              1
            </button>
          </li>
          <li
            class="usa-pagination__item usa-pagination__page-no"
          >
            <button
              aria-label="Page 2"
              class="usa-button usa-button--unstyled usa-pagination__button text-bold"
              data-testid="pagination-page-number"
              type="button"
            >
              2
            </button>
          </li>
          <li
            class="usa-pagination__item usa-pagination__arrow"
          >
            <button
              aria-label="Next page"
              class="usa-button usa-button--unstyled usa-pagination__link usa-pagination__next-page text-bold"
              data-testid="pagination-next"
              type="button"
            >
              <span
                class="usa-pagination__link-text"
              >
                Next
              </span>
              <svg
                aria-hidden="true"
                class="usa-icon text-ink"
                focusable="false"
                height="1em"
                role="img"
                viewBox="0 0 24 24"
                width="1em"
                xmlns="http://www.w3.org/2000/svg"
              >
                <path
                  d="M10 6 8.59 7.41 13.17 12l-4.58 4.59L10 18l6-6z"
                />
              </svg>
            </button>
          </li>
        </ul>
      </nav>
      <div
        class="display-flex flex-align-center flex-1 flex-justify-end"
      >
        <label
          class="usa-label margin-top-0 margin-right-1025"
          data-testid="label"
          for="input-select"
        >
          items
           per page
        </label>
        <select
          class="usa-select styled width-11075 margin-top-0"
          data-testid="Select"
          id="input-select"
          name="input-select"
        >
          <option
            value="2"
          >
            2
          </option>
          <option
            value="5"
          >
            5
          </option>
        </select>
      </div>
    </div>
  </div>
</div>
`;
